
> vibe-generated-app@1.0.0 dev
> vite


  VITE v5.4.20  ready in 270 ms

  ➜  Local:   http://localhost:3000/
  ➜  Network: http://172.20.8.98:3000/
10:35:18 PM [vite] Pre-transform error: Transform failed with 1 error:
/home/workspace/src/components/Navbar.jsx:4:12: ERROR: Expected ";" but found ":"
10:35:19 PM [vite] Internal server error: Transform failed with 1 error:
/home/workspace/src/components/Navbar.jsx:4:12: ERROR: Expected ";" but found ":"
  Plugin: vite:esbuild
  File: /home/workspace/src/components/Navbar.jsx:4:12
  
  Expected ";" but found ":"
  2  |  import { Moon, Sun, Github, Linkedin } from 'lucide-react';
  3  |  
  4  |  const Navbar: React.FC = () => {
     |              ^
  5  |    const [dark, setDark] = useState(false);
  6  |    const [scrolled, setScrolled] = useState(false);
  
      at failureErrorWithLog (/home/workspace/node_modules/esbuild/lib/main.js:1472:15)
      at /home/workspace/node_modules/esbuild/lib/main.js:755:50
      at responseCallbacks.<computed> (/home/workspace/node_modules/esbuild/lib/main.js:622:9)
      at handleIncomingPacket (/home/workspace/node_modules/esbuild/lib/main.js:677:12)
      at Socket.readFromStdout (/home/workspace/node_modules/esbuild/lib/main.js:600:7)
      at Socket.emit (node:events:508:28)
      at addChunk (node:internal/streams/readable:559:12)
      at readableAddChunkPushByteMode (node:internal/streams/readable:510:3)
      at Readable.push (node:internal/streams/readable:390:5)
      at Pipe.onStreamRead (node:internal/stream_base_commons:189:23)
